\BOOKMARK [1][-]{section.1}{\376\377\000L\000e\000s\000s\000o\000n\000\040\0002\0002\000-\0000\0009\000-\0002\0006}{}% 1
\BOOKMARK [2][-]{subsection.1.1}{\376\377\000I\000n\000t\000r\000o\000d\000u\000c\000t\000i\000o\000n}{section.1}% 2
\BOOKMARK [2][-]{subsection.1.2}{\376\377\000C\000I\000S\000C\000\040\000v\000s\000.\000\040\000R\000I\000S\000C}{section.1}% 3
\BOOKMARK [3][-]{subsubsection.1.2.1}{\376\377\000H\000i\000g\000h\000\040\000l\000e\000v\000e\000l\000\040\000v\000s\000.\000\040\000L\000o\000w\000\040\000l\000e\000v\000e\000l\000\040\000l\000a\000n\000g\000u\000a\000g\000e\000s}{subsection.1.2}% 4
\BOOKMARK [3][-]{subsubsection.1.2.2}{\376\377\000D\000a\000t\000a\000\040\000t\000y\000p\000e\000s\000\040\000a\000n\000d\000\040\000a\000d\000d\000r\000e\000s\000s\000i\000n\000g}{subsection.1.2}% 5
\BOOKMARK [3][-]{subsubsection.1.2.3}{\376\377\000C\000I\000S\000C}{subsection.1.2}% 6
\BOOKMARK [3][-]{subsubsection.1.2.4}{\376\377\000R\000I\000S\000C}{subsection.1.2}% 7
\BOOKMARK [3][-]{subsubsection.1.2.5}{\376\377\000C\000o\000m\000p\000a\000r\000i\000s\000o\000n\000\040\000o\000f\000\040\000a\000d\000d\000r\000e\000s\000s\000i\000n\000g\000\040\000m\000o\000d\000e\000s}{subsection.1.2}% 8
\BOOKMARK [1][-]{section.2}{\376\377\000L\000e\000s\000s\000o\000n\000\040\0002\0003\000-\0000\0009\000-\0002\0006}{}% 9
\BOOKMARK [2][-]{subsection.2.1}{\376\377\000P\000r\000o\000c\000e\000s\000s\000o\000r\000\040\000d\000e\000s\000i\000g\000n}{section.2}% 10
\BOOKMARK [3][-]{subsubsection.2.1.1}{\376\377\000A\000d\000v\000a\000n\000c\000e\000d\000\040\000a\000r\000c\000h\000i\000t\000e\000c\000t\000u\000r\000e\000s}{subsection.2.1}% 11
\BOOKMARK [3][-]{subsubsection.2.1.2}{\376\377\000M\000o\000o\000r\000e\000'\000s\000\040\000l\000a\000w}{subsection.2.1}% 12
\BOOKMARK [3][-]{subsubsection.2.1.3}{\376\377\000P\000r\000o\000c\000e\000s\000s\000o\000r\000\040\000p\000e\000r\000f\000o\000r\000m\000a\000n\000c\000e\000\040\000e\000v\000o\000l\000u\000t\000i\000o\000n}{subsection.2.1}% 13
\BOOKMARK [3][-]{subsubsection.2.1.4}{\376\377\000C\000o\000s\000t\000s}{subsection.2.1}% 14
\BOOKMARK [3][-]{subsubsection.2.1.5}{\376\377\000T\000h\000e\000\040\000c\000o\000m\000p\000u\000t\000e\000r\000\040\000m\000a\000r\000k\000e\000t}{subsection.2.1}% 15
\BOOKMARK [3][-]{subsubsection.2.1.6}{\376\377\000P\000o\000w\000e\000r}{subsection.2.1}% 16
\BOOKMARK [3][-]{subsubsection.2.1.7}{\376\377\000D\000e\000p\000e\000d\000e\000n\000d\000a\000b\000i\000l\000i\000t\000y}{subsection.2.1}% 17
\BOOKMARK [3][-]{subsubsection.2.1.8}{\376\377\000R\000e\000p\000r\000o\000d\000u\000c\000i\000b\000i\000l\000i\000t\000y}{subsection.2.1}% 18
\BOOKMARK [3][-]{subsubsection.2.1.9}{\376\377\000A\000h\000m\000d\000a\000l\000'\000s\000\040\000l\000a\000w}{subsection.2.1}% 19
\BOOKMARK [3][-]{subsubsection.2.1.10}{\376\377\000T\000h\000e\000\040\000C\000P\000U\000\040\000p\000e\000r\000f\000o\000r\000m\000a\000n\000c\000e\000\040\000e\000q\000u\000a\000t\000i\000o\000n}{subsection.2.1}% 20
\BOOKMARK [2][-]{subsection.2.2}{\376\377\000I\000n\000s\000t\000r\000u\000c\000t\000i\000o\000n\000\040\000S\000e\000t\000\040\000P\000r\000i\000n\000c\000i\000p\000l\000e\000s}{section.2}% 21
\BOOKMARK [3][-]{subsubsection.2.2.1}{\376\377\000C\000P\000U\000\040\000t\000a\000x\000o\000n\000o\000m\000i\000e\000s}{subsection.2.2}% 22
\BOOKMARK [3][-]{subsubsection.2.2.2}{\376\377\000M\000e\000m\000o\000r\000y\000\040\000a\000d\000d\000r\000e\000s\000s\000i\000n\000g}{subsection.2.2}% 23
\BOOKMARK [2][-]{subsection.2.3}{\376\377\000O\000p\000e\000r\000a\000t\000i\000o\000n\000s\000\040\000i\000n\000\040\000t\000h\000e\000\040\000i\000n\000s\000t\000r\000u\000c\000t\000i\000o\000n\000\040\000s\000e\000t}{section.2}% 24
\BOOKMARK [1][-]{section.3}{\376\377\000L\000e\000s\000s\000o\000n\000\040\0002\0005\000-\0000\0009\000-\0002\0006}{}% 25
\BOOKMARK [2][-]{subsubsection.3.0.1}{\376\377\000I\000n\000s\000t\000r\000u\000c\000t\000i\000o\000n\000\040\000s\000e\000t\000\040\000e\000n\000c\000o\000d\000i\000n\000g\000s}{section.3}% 26
\BOOKMARK [2][-]{subsection.3.1}{\376\377\000R\000I\000S\000C\000-\000V\000\040\000i\000n\000t\000r\000o\000d\000u\000c\000t\000i\000o\000n}{section.3}% 27
\BOOKMARK [3][-]{subsubsection.3.1.1}{\376\377\000T\000e\000c\000h\000n\000i\000c\000a\000l\000\040\000c\000h\000a\000r\000a\000c\000t\000e\000r\000i\000s\000t\000i\000c\000s}{subsection.3.1}% 28
\BOOKMARK [3][-]{subsubsection.3.1.2}{\376\377\000E\000x\000t\000e\000n\000s\000i\000o\000n\000s}{subsection.3.1}% 29
\BOOKMARK [3][-]{subsubsection.3.1.3}{\376\377\000R\000e\000g\000i\000s\000t\000e\000r\000s}{subsection.3.1}% 30
\BOOKMARK [3][-]{subsubsection.3.1.4}{\376\377\000A\000d\000d\000r\000e\000s\000s\000i\000n\000g\000\040\000m\000o\000d\000e\000s}{subsection.3.1}% 31
\BOOKMARK [3][-]{subsubsection.3.1.5}{\376\377\000I\000n\000s\000t\000r\000u\000c\000t\000i\000o\000n\000\040\000f\000o\000r\000m\000a\000t\000s}{subsection.3.1}% 32
\BOOKMARK [3][-]{subsubsection.3.1.6}{\376\377\000A\000v\000a\000i\000l\000a\000b\000l\000e\000\040\000i\000n\000s\000t\000r\000u\000c\000t\000i\000o\000n\000s}{subsection.3.1}% 33
\BOOKMARK [1][-]{section.4}{\376\377\000L\000e\000s\000s\000o\000n\000\040\0002\0009\000-\0000\0009\000-\0002\0006}{}% 34
\BOOKMARK [2][-]{subsection.4.1}{\376\377\000P\000i\000p\000e\000l\000i\000n\000i\000n\000g}{section.4}% 35
\BOOKMARK [3][-]{subsubsection.4.1.1}{\376\377\000P\000i\000p\000e\000l\000i\000n\000e\000\040\000m\000e\000t\000r\000i\000c\000s}{subsection.4.1}% 36
\BOOKMARK [3][-]{subsubsection.4.1.2}{\376\377\000P\000i\000p\000e\000l\000i\000n\000e\000\040\000p\000e\000r\000f\000o\000r\000m\000a\000n\000c\000e}{subsection.4.1}% 37
\BOOKMARK [2][-]{subsection.4.2}{\376\377\000P\000i\000p\000e\000l\000i\000n\000e\000\040\000h\000a\000z\000a\000r\000d\000s}{section.4}% 38
\BOOKMARK [3][-]{subsubsection.4.2.1}{\376\377\000S\000t\000a\000l\000l\000i\000n\000g}{subsection.4.2}% 39
\BOOKMARK [3][-]{subsubsection.4.2.2}{\376\377\000S\000t\000r\000u\000c\000t\000u\000r\000a\000l\000\040\000h\000a\000z\000a\000r\000d\000s}{subsection.4.2}% 40
\BOOKMARK [3][-]{subsubsection.4.2.3}{\376\377\000D\000a\000t\000a\000\040\000h\000a\000z\000a\000r\000d\000s}{subsection.4.2}% 41
\BOOKMARK [2][-]{subsection.4.3}{\376\377\000D\000a\000t\000a\000p\000a\000t\000h\000\040\000m\000o\000d\000e\000l}{section.4}% 42
\BOOKMARK [3][-]{subsubsection.4.3.1}{\376\377\000I\000n\000s\000t\000r\000u\000c\000t\000i\000o\000n\000\040\000f\000e\000t\000c\000h}{subsection.4.3}% 43
\BOOKMARK [3][-]{subsubsection.4.3.2}{\376\377\000I\000n\000s\000t\000r\000u\000c\000t\000i\000o\000n\000\040\000d\000e\000c\000o\000d\000e}{subsection.4.3}% 44
\BOOKMARK [3][-]{subsubsection.4.3.3}{\376\377\000I\000n\000s\000t\000r\000u\000c\000t\000i\000o\000n\000\040\000e\000x\000e\000c\000u\000t\000i\000o\000n}{subsection.4.3}% 45
\BOOKMARK [3][-]{subsubsection.4.3.4}{\376\377\000M\000e\000m\000o\000r\000y\000\040\000a\000c\000c\000e\000s\000s}{subsection.4.3}% 46
\BOOKMARK [3][-]{subsubsection.4.3.5}{\376\377\000W\000r\000i\000t\000e\000-\000b\000a\000c\000k\000\040\000c\000y\000c\000l\000e}{subsection.4.3}% 47
\BOOKMARK [3][-]{subsubsection.4.3.6}{\376\377\000P\000i\000p\000e\000l\000i\000n\000e\000d\000\040\000v\000e\000r\000s\000i\000o\000n}{subsection.4.3}% 48
\BOOKMARK [3][-]{subsubsection.4.3.7}{\376\377\000S\000t\000r\000u\000c\000t\000u\000r\000a\000l\000\040\000h\000a\000z\000a\000r\000d\000\040\000c\000o\000n\000t\000r\000o\000l}{subsection.4.3}% 49
\BOOKMARK [3][-]{subsubsection.4.3.8}{\376\377\000D\000a\000t\000a\000\040\000h\000a\000z\000a\000r\000d\000\040\000l\000o\000a\000d\000\040\000c\000o\000n\000t\000r\000o\000l}{subsection.4.3}% 50
\BOOKMARK [3][-]{subsubsection.4.3.9}{\376\377\000D\000a\000t\000a\000\040\000h\000a\000z\000a\000r\000d\000\040\000f\000o\000r\000w\000a\000r\000d\000i\000n\000g\000\040\000c\000o\000n\000t\000r\000o\000l}{subsection.4.3}% 51
\BOOKMARK [3][-]{subsubsection.4.3.10}{\376\377\000S\000u\000m\000m\000a\000r\000y\000\040\000o\000f\000\040\000R\000I\000S\000C\000-\000V\000\040\000d\000e\000p\000e\000n\000d\000e\000n\000c\000y\000\040\000h\000a\000n\000d\000l\000i\000n\000g}{subsection.4.3}% 52
\BOOKMARK [1][-]{section.5}{\376\377\000L\000e\000s\000s\000o\000n\000\040\0000\0002\000-\0001\0000\000-\0002\0006}{}% 53
\BOOKMARK [2][-]{subsection.5.1}{\376\377\000C\000o\000n\000t\000r\000o\000l\000\040\000h\000a\000z\000a\000r\000d\000s}{section.5}% 54
\BOOKMARK [3][-]{subsubsection.5.1.1}{\376\377\000S\000t\000a\000l\000l\000i\000n\000g}{subsection.5.1}% 55
\BOOKMARK [3][-]{subsubsection.5.1.2}{\376\377\000S\000t\000a\000l\000l\000i\000n\000g\000\040\000w\000i\000t\000h\000\040\000m\000o\000d\000i\000f\000i\000e\000d\000\040\000p\000i\000p\000e\000l\000i\000n\000e}{subsection.5.1}% 56
\BOOKMARK [3][-]{subsubsection.5.1.3}{\376\377\000F\000r\000e\000e\000z\000i\000n\000g\000\040\000t\000h\000e\000\040\000p\000i\000p\000e\000l\000i\000n\000e}{subsection.5.1}% 57
\BOOKMARK [3][-]{subsubsection.5.1.4}{\376\377\000P\000r\000e\000d\000i\000c\000t\000\040\000u\000n\000t\000a\000k\000e\000n}{subsection.5.1}% 58
\BOOKMARK [3][-]{subsubsection.5.1.5}{\376\377\000P\000r\000e\000d\000i\000c\000t\000\040\000t\000a\000k\000e\000n}{subsection.5.1}% 59
\BOOKMARK [3][-]{subsubsection.5.1.6}{\376\377\000D\000e\000l\000a\000y\000e\000d\000\040\000b\000r\000a\000n\000c\000h}{subsection.5.1}% 60
\BOOKMARK [2][-]{subsection.5.2}{\376\377\000M\000u\000l\000t\000i\000c\000y\000c\000l\000e\000\040\000o\000p\000e\000r\000a\000t\000i\000o\000n\000s}{section.5}% 61
\BOOKMARK [3][-]{subsubsection.5.2.1}{\376\377\000M\000u\000l\000t\000i\000c\000y\000c\000l\000e\000\040\000e\000x\000e\000c\000u\000t\000i\000o\000n}{subsection.5.2}% 62
\BOOKMARK [3][-]{subsubsection.5.2.2}{\376\377\000M\000u\000l\000t\000i\000c\000y\000c\000l\000e\000\040\000p\000i\000p\000e\000l\000i\000n\000e\000s}{subsection.5.2}% 63
\BOOKMARK [3][-]{subsubsection.5.2.3}{\376\377\000M\000u\000l\000t\000i\000c\000y\000c\000l\000e\000\040\000h\000a\000z\000a\000r\000d\000s}{subsection.5.2}% 64
\BOOKMARK [3][-]{subsubsection.5.2.4}{\376\377\000S\000u\000m\000m\000a\000r\000y\000\040\000o\000f\000\040\000h\000a\000z\000a\000r\000d\000s}{subsection.5.2}% 65
